
*** src/hex.rs:35:35: replace - with / in hex_decode

*** mutation diff:
--- src/hex.rs
+++ replace - with / in hex_decode
@@ -27,17 +27,17 @@
     // straddling the boundary aborted the process instead of returning `None`.
     // A hostile or broken pool could crash a miner with one such byte in a job
     // (`parse_job` runs this on `blob`, `target` and `seed_hash`).
     let raw = hex.as_bytes();
     let nibble = |c: u8| -> Option<u8> {
         match c {
             b'0'..=b'9' => Some(c - b'0'),
             b'a'..=b'f' => Some(c - b'a' + 10),
-            b'A'..=b'F' => Some(c - b'A' + 10),
+            b'A'..=b'F' => Some(c / /* ~ changed by cargo-mutants ~ */ b'A' + 10),
             _ => None,
         }
     };
 
     let mut bytes = Vec::with_capacity(raw.len() / 2);
     for pair in raw.chunks_exact(2) {
         bytes.push((nibble(pair[0])? << 4) | nibble(pair[1])?);
     }


*** /Users/stephen/.rustup/toolchains/stable-aarch64-apple-darwin/bin/cargo test --no-run --verbose --package=minertim@0.1.2
       Fresh unicode-ident v1.0.24
       Fresh cfg-if v1.0.4
       Fresh memchr v2.8.0
       Fresh find-msvc-tools v0.1.9
       Fresh shlex v1.3.0
       Fresh regex-syntax v0.8.10
       Fresh proc-macro2 v1.0.106
       Fresh cc v1.2.57
       Fresh aho-corasick v1.1.4
       Fresh anstyle v1.0.14
       Fresh cfg_aliases v0.2.1
       Fresh quote v1.0.45
       Fresh libc v0.2.183
       Fresh serde_core v1.0.228
       Fresh regex-automata v0.4.14
       Fresh zeroize v1.8.2
       Fresh objc2-encode v4.1.0
       Fresh zmij v1.0.21
       Fresh untrusted v0.9.0
       Fresh bitflags v2.11.0
       Fresh syn v2.0.117
       Fresh regex v1.12.3
       Fresh objc2 v0.6.4
       Fresh rustls-pki-types v1.14.0
       Fresh getrandom v0.2.17
       Fresh autocfg v1.5.1
       Fresh utf8parse v0.2.2
       Fresh log v0.4.29
       Fresh itoa v1.0.18
       Fresh anstyle-query v1.1.5
       Fresh serde_derive v1.0.228
       Fresh zerocopy-derive v0.8.55
       Fresh ring v0.17.14
       Fresh anstyle-parse v1.0.0
       Fresh block2 v0.6.2
       Fresh serde_json v1.0.149
       Fresh either v1.17.0
       Fresh ciborium-io v0.2.2
       Fresh is_terminal_polyfill v1.70.2
       Fresh colorchoice v1.0.5
       Fresh once_cell v1.21.4
       Fresh clap_lex v1.1.0
       Fresh zerocopy v0.8.55
       Fresh serde v1.0.228
       Fresh anstream v1.0.0
       Fresh clap_builder v4.6.2
       Fresh rustls-webpki v0.103.15
       Fresh itertools v0.10.5
       Fresh dispatch2 v0.3.1
       Fresh env_filter v1.0.1
       Fresh nix v0.31.2
       Fresh jiff v0.2.23
       Fresh subtle v2.6.1
       Fresh half v2.7.1
       Fresh same-file v1.0.6
       Fresh cast v0.3.0
       Fresh clap v4.6.4
       Fresh tinytemplate v1.2.1
       Fresh rustls v0.23.45
       Fresh ctrlc v3.5.2
       Fresh env_logger v0.11.10
       Fresh num-traits v0.2.19
       Fresh webpki-roots v1.0.6
       Fresh is-terminal v0.4.17
       Fresh anes v0.1.6
       Fresh oorandom v11.1.5
       Fresh ciborium-ll v0.2.2
       Fresh walkdir v2.5.0
       Fresh criterion-plot v0.5.0
       Dirty minertim v0.1.2 (/private/var/folders/jb/6p1xmfvs15q9752nk1vkdm040000gn/T/cargo-mutants-mutants-uGkp3w.tmp): the file `src/hex.rs` has changed (1789611921.740024659s, 1s after last build at 1789611920.624703594s)
   Compiling minertim v0.1.2 (/private/var/folders/jb/6p1xmfvs15q9752nk1vkdm040000gn/T/cargo-mutants-mutants-uGkp3w.tmp)
       Fresh ciborium v0.2.2
       Fresh criterion v0.5.1
     Running `/Users/stephen/.rustup/toolchains/stable-aarch64-apple-darwin/bin/rustc --crate-name minertim --edition=2024 src/lib.rs --error-format=json --json=diagnostic-rendered-ansi,artifacts,future-incompat --emit=dep-info,link -C embed-bitcode=no -C debuginfo=2 -C split-debuginfo=unpacked --test --check-cfg 'cfg(docsrs,test)' --check-cfg 'cfg(feature, values())' -C metadata=0ce07fb4f633bcdb -C extra-filename=-6f3a39d2b8e563bb --out-dir /private/var/folders/jb/6p1xmfvs15q9752nk1vkdm040000gn/T/cargo-mutants-mutants-uGkp3w.tmp/target/debug/deps -C incremental=/private/var/folders/jb/6p1xmfvs15q9752nk1vkdm040000gn/T/cargo-mutants-mutants-uGkp3w.tmp/target/debug/incremental -L dependency=/private/var/folders/jb/6p1xmfvs15q9752nk1vkdm040000gn/T/cargo-mutants-mutants-uGkp3w.tmp/target/debug/deps --extern criterion=/private/var/folders/jb/6p1xmfvs15q9752nk1vkdm040000gn/T/cargo-mutants-mutants-uGkp3w.tmp/target/debug/deps/libcriterion-53688a6fdc1ad4be.rlib --extern ctrlc=/private/var/folders/jb/6p1xmfvs15q9752nk1vkdm040000gn/T/cargo-mutants-mutants-uGkp3w.tmp/target/debug/deps/libctrlc-5760eaff95d41693.rlib --extern env_logger=/private/var/folders/jb/6p1xmfvs15q9752nk1vkdm040000gn/T/cargo-mutants-mutants-uGkp3w.tmp/target/debug/deps/libenv_logger-4ff6928e01613274.rlib --extern log=/private/var/folders/jb/6p1xmfvs15q9752nk1vkdm040000gn/T/cargo-mutants-mutants-uGkp3w.tmp/target/debug/deps/liblog-1218a9a1912a43e9.rlib --extern ring=/private/var/folders/jb/6p1xmfvs15q9752nk1vkdm040000gn/T/cargo-mutants-mutants-uGkp3w.tmp/target/debug/deps/libring-76e8c01b9e9dcf99.rlib --extern rustls=/private/var/folders/jb/6p1xmfvs15q9752nk1vkdm040000gn/T/cargo-mutants-mutants-uGkp3w.tmp/target/debug/deps/librustls-a10efb2c89212aed.rlib --extern serde=/private/var/folders/jb/6p1xmfvs15q9752nk1vkdm040000gn/T/cargo-mutants-mutants-uGkp3w.tmp/target/debug/deps/libserde-b822372eb1e36aac.rlib --extern serde_json=/private/var/folders/jb/6p1xmfvs15q9752nk1vkdm040000gn/T/cargo-mutants-mutants-uGkp3w.tmp/target/debug/deps/libserde_json-7c65cbb2f3e22e1b.rlib --extern webpki_roots=/private/var/folders/jb/6p1xmfvs15q9752nk1vkdm040000gn/T/cargo-mutants-mutants-uGkp3w.tmp/target/debug/deps/libwebpki_roots-a620b5dee93a9b9a.rlib -C target-cpu=native -L native=/private/var/folders/jb/6p1xmfvs15q9752nk1vkdm040000gn/T/cargo-mutants-mutants-uGkp3w.tmp/target/debug/build/ring-de929d7373e8c618/out`
     Running `/Users/stephen/.rustup/toolchains/stable-aarch64-apple-darwin/bin/rustc --crate-name minertim --edition=2024 src/lib.rs --error-format=json --json=diagnostic-rendered-ansi,artifacts,future-incompat --crate-type lib --emit=dep-info,metadata,link -C embed-bitcode=no -C debuginfo=2 -C split-debuginfo=unpacked --check-cfg 'cfg(docsrs,test)' --check-cfg 'cfg(feature, values())' -C metadata=52c941f96ca39ffa -C extra-filename=-ecf541669984f6ea --out-dir /private/var/folders/jb/6p1xmfvs15q9752nk1vkdm040000gn/T/cargo-mutants-mutants-uGkp3w.tmp/target/debug/deps -C incremental=/private/var/folders/jb/6p1xmfvs15q9752nk1vkdm040000gn/T/cargo-mutants-mutants-uGkp3w.tmp/target/debug/incremental -L dependency=/private/var/folders/jb/6p1xmfvs15q9752nk1vkdm040000gn/T/cargo-mutants-mutants-uGkp3w.tmp/target/debug/deps --extern ctrlc=/private/var/folders/jb/6p1xmfvs15q9752nk1vkdm040000gn/T/cargo-mutants-mutants-uGkp3w.tmp/target/debug/deps/libctrlc-5760eaff95d41693.rmeta --extern env_logger=/private/var/folders/jb/6p1xmfvs15q9752nk1vkdm040000gn/T/cargo-mutants-mutants-uGkp3w.tmp/target/debug/deps/libenv_logger-4ff6928e01613274.rmeta --extern log=/private/var/folders/jb/6p1xmfvs15q9752nk1vkdm040000gn/T/cargo-mutants-mutants-uGkp3w.tmp/target/debug/deps/liblog-1218a9a1912a43e9.rmeta --extern ring=/private/var/folders/jb/6p1xmfvs15q9752nk1vkdm040000gn/T/cargo-mutants-mutants-uGkp3w.tmp/target/debug/deps/libring-76e8c01b9e9dcf99.rmeta --extern rustls=/private/var/folders/jb/6p1xmfvs15q9752nk1vkdm040000gn/T/cargo-mutants-mutants-uGkp3w.tmp/target/debug/deps/librustls-a10efb2c89212aed.rmeta --extern serde=/private/var/folders/jb/6p1xmfvs15q9752nk1vkdm040000gn/T/cargo-mutants-mutants-uGkp3w.tmp/target/debug/deps/libserde-b822372eb1e36aac.rmeta --extern serde_json=/private/var/folders/jb/6p1xmfvs15q9752nk1vkdm040000gn/T/cargo-mutants-mutants-uGkp3w.tmp/target/debug/deps/libserde_json-7c65cbb2f3e22e1b.rmeta --extern webpki_roots=/private/var/folders/jb/6p1xmfvs15q9752nk1vkdm040000gn/T/cargo-mutants-mutants-uGkp3w.tmp/target/debug/deps/libwebpki_roots-a620b5dee93a9b9a.rmeta -C target-cpu=native -L native=/private/var/folders/jb/6p1xmfvs15q9752nk1vkdm040000gn/T/cargo-mutants-mutants-uGkp3w.tmp/target/debug/build/ring-de929d7373e8c618/out`
     Running `/Users/stephen/.rustup/toolchains/stable-aarch64-apple-darwin/bin/rustc --crate-name minertim --edition=2024 src/bin/minertim.rs --error-format=json --json=diagnostic-rendered-ansi,artifacts,future-incompat --emit=dep-info,link -C embed-bitcode=no -C debuginfo=2 -C split-debuginfo=unpacked --test --check-cfg 'cfg(docsrs,test)' --check-cfg 'cfg(feature, values())' -C metadata=3da26f815a5a57df -C extra-filename=-81bf338bb91c1757 --out-dir /private/var/folders/jb/6p1xmfvs15q9752nk1vkdm040000gn/T/cargo-mutants-mutants-uGkp3w.tmp/target/debug/deps -C incremental=/private/var/folders/jb/6p1xmfvs15q9752nk1vkdm040000gn/T/cargo-mutants-mutants-uGkp3w.tmp/target/debug/incremental -L dependency=/private/var/folders/jb/6p1xmfvs15q9752nk1vkdm040000gn/T/cargo-mutants-mutants-uGkp3w.tmp/target/debug/deps --extern criterion=/private/var/folders/jb/6p1xmfvs15q9752nk1vkdm040000gn/T/cargo-mutants-mutants-uGkp3w.tmp/target/debug/deps/libcriterion-53688a6fdc1ad4be.rlib --extern ctrlc=/private/var/folders/jb/6p1xmfvs15q9752nk1vkdm040000gn/T/cargo-mutants-mutants-uGkp3w.tmp/target/debug/deps/libctrlc-5760eaff95d41693.rlib --extern env_logger=/private/var/folders/jb/6p1xmfvs15q9752nk1vkdm040000gn/T/cargo-mutants-mutants-uGkp3w.tmp/target/debug/deps/libenv_logger-4ff6928e01613274.rlib --extern log=/private/var/folders/jb/6p1xmfvs15q9752nk1vkdm040000gn/T/cargo-mutants-mutants-uGkp3w.tmp/target/debug/deps/liblog-1218a9a1912a43e9.rlib --extern minertim=/private/var/folders/jb/6p1xmfvs15q9752nk1vkdm040000gn/T/cargo-mutants-mutants-uGkp3w.tmp/target/debug/deps/libminertim-ecf541669984f6ea.rlib --extern ring=/private/var/folders/jb/6p1xmfvs15q9752nk1vkdm040000gn/T/cargo-mutants-mutants-uGkp3w.tmp/target/debug/deps/libring-76e8c01b9e9dcf99.rlib --extern rustls=/private/var/folders/jb/6p1xmfvs15q9752nk1vkdm040000gn/T/cargo-mutants-mutants-uGkp3w.tmp/target/debug/deps/librustls-a10efb2c89212aed.rlib --extern serde=/private/var/folders/jb/6p1xmfvs15q9752nk1vkdm040000gn/T/cargo-mutants-mutants-uGkp3w.tmp/target/debug/deps/libserde-b822372eb1e36aac.rlib --extern serde_json=/private/var/folders/jb/6p1xmfvs15q9752nk1vkdm040000gn/T/cargo-mutants-mutants-uGkp3w.tmp/target/debug/deps/libserde_json-7c65cbb2f3e22e1b.rlib --extern webpki_roots=/private/var/folders/jb/6p1xmfvs15q9752nk1vkdm040000gn/T/cargo-mutants-mutants-uGkp3w.tmp/target/debug/deps/libwebpki_roots-a620b5dee93a9b9a.rlib -C target-cpu=native -L native=/private/var/folders/jb/6p1xmfvs15q9752nk1vkdm040000gn/T/cargo-mutants-mutants-uGkp3w.tmp/target/debug/build/ring-de929d7373e8c618/out`
    Finished `test` profile [unoptimized + debuginfo] target(s) in 0.58s
  Executable `/private/var/folders/jb/6p1xmfvs15q9752nk1vkdm040000gn/T/cargo-mutants-mutants-uGkp3w.tmp/target/debug/deps/minertim-6f3a39d2b8e563bb`
  Executable `/private/var/folders/jb/6p1xmfvs15q9752nk1vkdm040000gn/T/cargo-mutants-mutants-uGkp3w.tmp/target/debug/deps/minertim-81bf338bb91c1757`

*** result: Success

*** /Users/stephen/.rustup/toolchains/stable-aarch64-apple-darwin/bin/cargo test --verbose --package=minertim@0.1.2 --lib hex::
       Fresh unicode-ident v1.0.24
       Fresh cfg-if v1.0.4
       Fresh memchr v2.8.0
       Fresh find-msvc-tools v0.1.9
       Fresh shlex v1.3.0
       Fresh anstyle v1.0.14
       Fresh regex-syntax v0.8.10
       Fresh proc-macro2 v1.0.106
       Fresh cc v1.2.57
       Fresh aho-corasick v1.1.4
       Fresh autocfg v1.5.1
       Fresh zeroize v1.8.2
       Fresh quote v1.0.45
       Fresh libc v0.2.183
       Fresh serde_core v1.0.228
       Fresh regex-automata v0.4.14
       Fresh cfg_aliases v0.2.1
       Fresh objc2-encode v4.1.0
       Fresh rustls-pki-types v1.14.0
       Fresh either v1.17.0
       Fresh syn v2.0.117
       Fresh zmij v1.0.21
       Fresh getrandom v0.2.17
       Fresh regex v1.12.3
       Fresh objc2 v0.6.4
       Fresh untrusted v0.9.0
       Fresh log v0.4.29
       Fresh ciborium-io v0.2.2
       Fresh itoa v1.0.18
       Fresh clap_lex v1.1.0
       Fresh utf8parse v0.2.2
       Fresh zerocopy-derive v0.8.55
       Fresh serde_derive v1.0.228
       Fresh bitflags v2.11.0
       Fresh anstyle-parse v1.0.0
       Fresh clap_builder v4.6.2
       Fresh serde_json v1.0.149
       Fresh block2 v0.6.2
       Fresh ring v0.17.14
       Fresh itertools v0.10.5
       Fresh anstyle-query v1.1.5
       Fresh is_terminal_polyfill v1.70.2
       Fresh zerocopy v0.8.55
       Fresh serde v1.0.228
       Fresh same-file v1.0.6
       Fresh cast v0.3.0
       Fresh colorchoice v1.0.5
       Fresh once_cell v1.21.4
       Fresh rustls-webpki v0.103.15
       Fresh clap v4.6.4
       Fresh nix v0.31.2
       Fresh num-traits v0.2.19
       Fresh dispatch2 v0.3.1
       Fresh env_filter v1.0.1
       Fresh half v2.7.1
       Fresh walkdir v2.5.0
       Fresh anstream v1.0.0
       Fresh tinytemplate v1.2.1
       Fresh criterion-plot v0.5.0
       Fresh is-terminal v0.4.17
       Fresh oorandom v11.1.5
       Fresh anes v0.1.6
       Fresh subtle v2.6.1
       Fresh jiff v0.2.23
       Fresh ctrlc v3.5.2
       Fresh webpki-roots v1.0.6
       Fresh ciborium-ll v0.2.2
       Fresh env_logger v0.11.10
       Fresh rustls v0.23.45
       Fresh ciborium v0.2.2
       Fresh criterion v0.5.1
       Fresh minertim v0.1.2 (/private/var/folders/jb/6p1xmfvs15q9752nk1vkdm040000gn/T/cargo-mutants-mutants-uGkp3w.tmp)
    Finished `test` profile [unoptimized + debuginfo] target(s) in 0.04s
     Running `/private/var/folders/jb/6p1xmfvs15q9752nk1vkdm040000gn/T/cargo-mutants-mutants-uGkp3w.tmp/target/debug/deps/minertim-6f3a39d2b8e563bb 'hex::'`

running 5 tests
test hex::tests::rejects_odd_length_and_non_hex ... ok
test hex::tests::non_ascii_returns_none_rather_than_panicking ... ok
test hex::tests::every_byte_round_trips ... ok
test hex::tests::round_trips ... ok
test hex::tests::decodes_either_case_and_encodes_lower ... FAILED

failures:

---- hex::tests::decodes_either_case_and_encodes_lower stdout ----

thread 'hex::tests::decodes_either_case_and_encodes_lower' (16507216) panicked at src/hex.rs:62:9:
assertion `left == right` failed
  left: Some([187, 187, 187, 187])
 right: Some([222, 173, 190, 239])
note: run with `RUST_BACKTRACE=1` environment variable to display a backtrace


failures:
    hex::tests::decodes_either_case_and_encodes_lower

test result: FAILED. 4 passed; 1 failed; 0 ignored; 0 measured; 146 filtered out; finished in 0.00s

error: test failed, to rerun pass `-p minertim --lib`

*** result: Failure(101)
