
*** src/hex.rs:14:5: replace hex_decode -> Option<Vec<u8>> with Some(vec![])

*** mutation diff:
--- src/hex.rs
+++ replace hex_decode -> Option<Vec<u8>> with Some(vec![])
@@ -6,47 +6,17 @@
     for &b in bytes {
         s.push(HEX[(b >> 4) as usize] as char);
         s.push(HEX[(b & 0xf) as usize] as char);
     }
     s
 }
 
 pub fn hex_decode(hex: &str) -> Option<Vec<u8>> {
-    if !hex.len().is_multiple_of(2) {
-        return None;
-    }
-
-    // Decode nibble by nibble rather than via `u8::from_str_radix`, which is a
-    // *number* parser and accepts a leading sign: `from_str_radix("+1", 16)` is
-    // `Ok(1)`, so the previous implementation decoded "+1" as the byte 0x01 and
-    // "+f" as 0x0f. Hex is not arithmetic and has no sign, so that was simply
-    // wrong — found by writing this module's first tests, having been reachable
-    // from pool-supplied job fields for the project's life.
-    //
-    // Working over `as_bytes()` also removes the panic this function used to
-    // carry: `hex[i..i + 2]` slices by byte index, so a multi-byte character
-    // straddling the boundary aborted the process instead of returning `None`.
-    // A hostile or broken pool could crash a miner with one such byte in a job
-    // (`parse_job` runs this on `blob`, `target` and `seed_hash`).
-    let raw = hex.as_bytes();
-    let nibble = |c: u8| -> Option<u8> {
-        match c {
-            b'0'..=b'9' => Some(c - b'0'),
-            b'a'..=b'f' => Some(c - b'a' + 10),
-            b'A'..=b'F' => Some(c - b'A' + 10),
-            _ => None,
-        }
-    };
-
-    let mut bytes = Vec::with_capacity(raw.len() / 2);
-    for pair in raw.chunks_exact(2) {
-        bytes.push((nibble(pair[0])? << 4) | nibble(pair[1])?);
-    }
-    Some(bytes)
+    Some(vec![]) /* ~ changed by cargo-mutants ~ */
 }
 
 #[cfg(test)]
 mod tests {
     use super::*;
 
     #[test]
     fn round_trips() {


*** /Users/stephen/.rustup/toolchains/stable-aarch64-apple-darwin/bin/cargo test --no-run --verbose --package=minertim@0.1.2
       Fresh unicode-ident v1.0.24
       Fresh cfg-if v1.0.4
       Fresh memchr v2.8.0
       Fresh shlex v1.3.0
       Fresh find-msvc-tools v0.1.9
       Fresh regex-syntax v0.8.10
       Fresh proc-macro2 v1.0.106
       Fresh cc v1.2.57
       Fresh aho-corasick v1.1.4
       Fresh anstyle v1.0.14
       Fresh cfg_aliases v0.2.1
       Fresh quote v1.0.45
       Fresh libc v0.2.183
       Fresh serde_core v1.0.228
       Fresh regex-automata v0.4.14
       Fresh objc2-encode v4.1.0
       Fresh zeroize v1.8.2
       Fresh zmij v1.0.21
       Fresh autocfg v1.5.1
       Fresh log v0.4.29
       Fresh syn v2.0.117
       Fresh getrandom v0.2.17
       Fresh rustls-pki-types v1.14.0
       Fresh regex v1.12.3
       Fresh objc2 v0.6.4
       Fresh itoa v1.0.18
       Fresh untrusted v0.9.0
       Fresh utf8parse v0.2.2
       Fresh bitflags v2.11.0
       Fresh once_cell v1.21.4
       Fresh serde_derive v1.0.228
       Fresh zerocopy-derive v0.8.55
       Fresh anstyle-parse v1.0.0
       Fresh serde_json v1.0.149
       Fresh block2 v0.6.2
       Fresh ring v0.17.14
       Fresh clap_lex v1.1.0
       Fresh anstyle-query v1.1.5
       Fresh colorchoice v1.0.5
       Fresh ciborium-io v0.2.2
       Fresh either v1.17.0
       Fresh is_terminal_polyfill v1.70.2
       Fresh serde v1.0.228
       Fresh zerocopy v0.8.55
       Fresh anstream v1.0.0
       Fresh rustls-webpki v0.103.15
       Fresh clap_builder v4.6.2
       Fresh itertools v0.10.5
       Fresh dispatch2 v0.3.1
       Fresh nix v0.31.2
       Fresh env_filter v1.0.1
       Fresh same-file v1.0.6
       Fresh jiff v0.2.23
       Fresh half v2.7.1
       Fresh cast v0.3.0
       Fresh subtle v2.6.1
       Fresh walkdir v2.5.0
       Fresh clap v4.6.4
       Fresh tinytemplate v1.2.1
       Fresh num-traits v0.2.19
       Fresh ctrlc v3.5.2
       Fresh env_logger v0.11.10
       Fresh webpki-roots v1.0.6
       Fresh is-terminal v0.4.17
       Fresh anes v0.1.6
       Fresh oorandom v11.1.5
       Fresh ciborium-ll v0.2.2
       Fresh criterion-plot v0.5.0
       Fresh rustls v0.23.45
       Fresh ciborium v0.2.2
       Dirty minertim v0.1.2 (/private/var/folders/jb/6p1xmfvs15q9752nk1vkdm040000gn/T/cargo-mutants-mutants-uGkp3w.tmp): the file `src/hex.rs` has changed (1789611904.277443644s, 1s after last build at 1789611903.173824541s)
   Compiling minertim v0.1.2 (/private/var/folders/jb/6p1xmfvs15q9752nk1vkdm040000gn/T/cargo-mutants-mutants-uGkp3w.tmp)
       Fresh criterion v0.5.1
     Running `/Users/stephen/.rustup/toolchains/stable-aarch64-apple-darwin/bin/rustc --crate-name minertim --edition=2024 src/lib.rs --error-format=json --json=diagnostic-rendered-ansi,artifacts,future-incompat --emit=dep-info,link -C embed-bitcode=no -C debuginfo=2 -C split-debuginfo=unpacked --test --check-cfg 'cfg(docsrs,test)' --check-cfg 'cfg(feature, values())' -C metadata=0ce07fb4f633bcdb -C extra-filename=-6f3a39d2b8e563bb --out-dir /private/var/folders/jb/6p1xmfvs15q9752nk1vkdm040000gn/T/cargo-mutants-mutants-uGkp3w.tmp/target/debug/deps -C incremental=/private/var/folders/jb/6p1xmfvs15q9752nk1vkdm040000gn/T/cargo-mutants-mutants-uGkp3w.tmp/target/debug/incremental -L dependency=/private/var/folders/jb/6p1xmfvs15q9752nk1vkdm040000gn/T/cargo-mutants-mutants-uGkp3w.tmp/target/debug/deps --extern criterion=/private/var/folders/jb/6p1xmfvs15q9752nk1vkdm040000gn/T/cargo-mutants-mutants-uGkp3w.tmp/target/debug/deps/libcriterion-53688a6fdc1ad4be.rlib --extern ctrlc=/private/var/folders/jb/6p1xmfvs15q9752nk1vkdm040000gn/T/cargo-mutants-mutants-uGkp3w.tmp/target/debug/deps/libctrlc-5760eaff95d41693.rlib --extern env_logger=/private/var/folders/jb/6p1xmfvs15q9752nk1vkdm040000gn/T/cargo-mutants-mutants-uGkp3w.tmp/target/debug/deps/libenv_logger-4ff6928e01613274.rlib --extern log=/private/var/folders/jb/6p1xmfvs15q9752nk1vkdm040000gn/T/cargo-mutants-mutants-uGkp3w.tmp/target/debug/deps/liblog-1218a9a1912a43e9.rlib --extern ring=/private/var/folders/jb/6p1xmfvs15q9752nk1vkdm040000gn/T/cargo-mutants-mutants-uGkp3w.tmp/target/debug/deps/libring-76e8c01b9e9dcf99.rlib --extern rustls=/private/var/folders/jb/6p1xmfvs15q9752nk1vkdm040000gn/T/cargo-mutants-mutants-uGkp3w.tmp/target/debug/deps/librustls-a10efb2c89212aed.rlib --extern serde=/private/var/folders/jb/6p1xmfvs15q9752nk1vkdm040000gn/T/cargo-mutants-mutants-uGkp3w.tmp/target/debug/deps/libserde-b822372eb1e36aac.rlib --extern serde_json=/private/var/folders/jb/6p1xmfvs15q9752nk1vkdm040000gn/T/cargo-mutants-mutants-uGkp3w.tmp/target/debug/deps/libserde_json-7c65cbb2f3e22e1b.rlib --extern webpki_roots=/private/var/folders/jb/6p1xmfvs15q9752nk1vkdm040000gn/T/cargo-mutants-mutants-uGkp3w.tmp/target/debug/deps/libwebpki_roots-a620b5dee93a9b9a.rlib -C target-cpu=native -L native=/private/var/folders/jb/6p1xmfvs15q9752nk1vkdm040000gn/T/cargo-mutants-mutants-uGkp3w.tmp/target/debug/build/ring-de929d7373e8c618/out`
     Running `/Users/stephen/.rustup/toolchains/stable-aarch64-apple-darwin/bin/rustc --crate-name minertim --edition=2024 src/lib.rs --error-format=json --json=diagnostic-rendered-ansi,artifacts,future-incompat --crate-type lib --emit=dep-info,metadata,link -C embed-bitcode=no -C debuginfo=2 -C split-debuginfo=unpacked --check-cfg 'cfg(docsrs,test)' --check-cfg 'cfg(feature, values())' -C metadata=52c941f96ca39ffa -C extra-filename=-ecf541669984f6ea --out-dir /private/var/folders/jb/6p1xmfvs15q9752nk1vkdm040000gn/T/cargo-mutants-mutants-uGkp3w.tmp/target/debug/deps -C incremental=/private/var/folders/jb/6p1xmfvs15q9752nk1vkdm040000gn/T/cargo-mutants-mutants-uGkp3w.tmp/target/debug/incremental -L dependency=/private/var/folders/jb/6p1xmfvs15q9752nk1vkdm040000gn/T/cargo-mutants-mutants-uGkp3w.tmp/target/debug/deps --extern ctrlc=/private/var/folders/jb/6p1xmfvs15q9752nk1vkdm040000gn/T/cargo-mutants-mutants-uGkp3w.tmp/target/debug/deps/libctrlc-5760eaff95d41693.rmeta --extern env_logger=/private/var/folders/jb/6p1xmfvs15q9752nk1vkdm040000gn/T/cargo-mutants-mutants-uGkp3w.tmp/target/debug/deps/libenv_logger-4ff6928e01613274.rmeta --extern log=/private/var/folders/jb/6p1xmfvs15q9752nk1vkdm040000gn/T/cargo-mutants-mutants-uGkp3w.tmp/target/debug/deps/liblog-1218a9a1912a43e9.rmeta --extern ring=/private/var/folders/jb/6p1xmfvs15q9752nk1vkdm040000gn/T/cargo-mutants-mutants-uGkp3w.tmp/target/debug/deps/libring-76e8c01b9e9dcf99.rmeta --extern rustls=/private/var/folders/jb/6p1xmfvs15q9752nk1vkdm040000gn/T/cargo-mutants-mutants-uGkp3w.tmp/target/debug/deps/librustls-a10efb2c89212aed.rmeta --extern serde=/private/var/folders/jb/6p1xmfvs15q9752nk1vkdm040000gn/T/cargo-mutants-mutants-uGkp3w.tmp/target/debug/deps/libserde-b822372eb1e36aac.rmeta --extern serde_json=/private/var/folders/jb/6p1xmfvs15q9752nk1vkdm040000gn/T/cargo-mutants-mutants-uGkp3w.tmp/target/debug/deps/libserde_json-7c65cbb2f3e22e1b.rmeta --extern webpki_roots=/private/var/folders/jb/6p1xmfvs15q9752nk1vkdm040000gn/T/cargo-mutants-mutants-uGkp3w.tmp/target/debug/deps/libwebpki_roots-a620b5dee93a9b9a.rmeta -C target-cpu=native -L native=/private/var/folders/jb/6p1xmfvs15q9752nk1vkdm040000gn/T/cargo-mutants-mutants-uGkp3w.tmp/target/debug/build/ring-de929d7373e8c618/out`
warning: unused variable: `hex`
  --> src/hex.rs:13:19
   |
13 | pub fn hex_decode(hex: &str) -> Option<Vec<u8>> {
   |                   ^^^ help: if this is intentional, prefix it with an underscore: `_hex`
   |
   = note: `#[warn(unused_variables)]` (part of `#[warn(unused)]`) on by default

warning: `minertim` (lib) generated 1 warning (run `cargo fix --lib -p minertim` to apply 1 suggestion)
     Running `/Users/stephen/.rustup/toolchains/stable-aarch64-apple-darwin/bin/rustc --crate-name minertim --edition=2024 src/bin/minertim.rs --error-format=json --json=diagnostic-rendered-ansi,artifacts,future-incompat --emit=dep-info,link -C embed-bitcode=no -C debuginfo=2 -C split-debuginfo=unpacked --test --check-cfg 'cfg(docsrs,test)' --check-cfg 'cfg(feature, values())' -C metadata=3da26f815a5a57df -C extra-filename=-81bf338bb91c1757 --out-dir /private/var/folders/jb/6p1xmfvs15q9752nk1vkdm040000gn/T/cargo-mutants-mutants-uGkp3w.tmp/target/debug/deps -C incremental=/private/var/folders/jb/6p1xmfvs15q9752nk1vkdm040000gn/T/cargo-mutants-mutants-uGkp3w.tmp/target/debug/incremental -L dependency=/private/var/folders/jb/6p1xmfvs15q9752nk1vkdm040000gn/T/cargo-mutants-mutants-uGkp3w.tmp/target/debug/deps --extern criterion=/private/var/folders/jb/6p1xmfvs15q9752nk1vkdm040000gn/T/cargo-mutants-mutants-uGkp3w.tmp/target/debug/deps/libcriterion-53688a6fdc1ad4be.rlib --extern ctrlc=/private/var/folders/jb/6p1xmfvs15q9752nk1vkdm040000gn/T/cargo-mutants-mutants-uGkp3w.tmp/target/debug/deps/libctrlc-5760eaff95d41693.rlib --extern env_logger=/private/var/folders/jb/6p1xmfvs15q9752nk1vkdm040000gn/T/cargo-mutants-mutants-uGkp3w.tmp/target/debug/deps/libenv_logger-4ff6928e01613274.rlib --extern log=/private/var/folders/jb/6p1xmfvs15q9752nk1vkdm040000gn/T/cargo-mutants-mutants-uGkp3w.tmp/target/debug/deps/liblog-1218a9a1912a43e9.rlib --extern minertim=/private/var/folders/jb/6p1xmfvs15q9752nk1vkdm040000gn/T/cargo-mutants-mutants-uGkp3w.tmp/target/debug/deps/libminertim-ecf541669984f6ea.rlib --extern ring=/private/var/folders/jb/6p1xmfvs15q9752nk1vkdm040000gn/T/cargo-mutants-mutants-uGkp3w.tmp/target/debug/deps/libring-76e8c01b9e9dcf99.rlib --extern rustls=/private/var/folders/jb/6p1xmfvs15q9752nk1vkdm040000gn/T/cargo-mutants-mutants-uGkp3w.tmp/target/debug/deps/librustls-a10efb2c89212aed.rlib --extern serde=/private/var/folders/jb/6p1xmfvs15q9752nk1vkdm040000gn/T/cargo-mutants-mutants-uGkp3w.tmp/target/debug/deps/libserde-b822372eb1e36aac.rlib --extern serde_json=/private/var/folders/jb/6p1xmfvs15q9752nk1vkdm040000gn/T/cargo-mutants-mutants-uGkp3w.tmp/target/debug/deps/libserde_json-7c65cbb2f3e22e1b.rlib --extern webpki_roots=/private/var/folders/jb/6p1xmfvs15q9752nk1vkdm040000gn/T/cargo-mutants-mutants-uGkp3w.tmp/target/debug/deps/libwebpki_roots-a620b5dee93a9b9a.rlib -C target-cpu=native -L native=/private/var/folders/jb/6p1xmfvs15q9752nk1vkdm040000gn/T/cargo-mutants-mutants-uGkp3w.tmp/target/debug/build/ring-de929d7373e8c618/out`
warning: `minertim` (lib test) generated 1 warning (1 duplicate)
    Finished `test` profile [unoptimized + debuginfo] target(s) in 0.58s
  Executable `/private/var/folders/jb/6p1xmfvs15q9752nk1vkdm040000gn/T/cargo-mutants-mutants-uGkp3w.tmp/target/debug/deps/minertim-6f3a39d2b8e563bb`
  Executable `/private/var/folders/jb/6p1xmfvs15q9752nk1vkdm040000gn/T/cargo-mutants-mutants-uGkp3w.tmp/target/debug/deps/minertim-81bf338bb91c1757`

*** result: Success

*** /Users/stephen/.rustup/toolchains/stable-aarch64-apple-darwin/bin/cargo test --verbose --package=minertim@0.1.2 --lib hex::
       Fresh unicode-ident v1.0.24
       Fresh cfg-if v1.0.4
       Fresh memchr v2.8.0
       Fresh find-msvc-tools v0.1.9
       Fresh shlex v1.3.0
       Fresh regex-syntax v0.8.10
       Fresh proc-macro2 v1.0.106
       Fresh cc v1.2.57
       Fresh aho-corasick v1.1.4
       Fresh anstyle v1.0.14
       Fresh autocfg v1.5.1
       Fresh zeroize v1.8.2
       Fresh quote v1.0.45
       Fresh libc v0.2.183
       Fresh serde_core v1.0.228
       Fresh regex-automata v0.4.14
       Fresh cfg_aliases v0.2.1
       Fresh objc2-encode v4.1.0
       Fresh rustls-pki-types v1.14.0
       Fresh zmij v1.0.21
       Fresh ciborium-io v0.2.2
       Fresh syn v2.0.117
       Fresh objc2 v0.6.4
       Fresh getrandom v0.2.17
       Fresh regex v1.12.3
       Fresh itoa v1.0.18
       Fresh bitflags v2.11.0
       Fresh untrusted v0.9.0
       Fresh log v0.4.29
       Fresh utf8parse v0.2.2
       Fresh either v1.17.0
       Fresh zerocopy-derive v0.8.55
       Fresh serde_derive v1.0.228
       Fresh clap_lex v1.1.0
       Fresh itertools v0.10.5
       Fresh ring v0.17.14
       Fresh block2 v0.6.2
       Fresh anstyle-parse v1.0.0
       Fresh serde_json v1.0.149
       Fresh anstyle-query v1.1.5
       Fresh same-file v1.0.6
       Fresh is_terminal_polyfill v1.70.2
       Fresh zerocopy v0.8.55
       Fresh serde v1.0.228
       Fresh clap_builder v4.6.2
       Fresh once_cell v1.21.4
       Fresh cast v0.3.0
       Fresh colorchoice v1.0.5
       Fresh num-traits v0.2.19
       Fresh walkdir v2.5.0
       Fresh nix v0.31.2
       Fresh dispatch2 v0.3.1
       Fresh rustls-webpki v0.103.15
       Fresh env_filter v1.0.1
       Fresh half v2.7.1
       Fresh criterion-plot v0.5.0
       Fresh clap v4.6.4
       Fresh tinytemplate v1.2.1
       Fresh anstream v1.0.0
       Fresh is-terminal v0.4.17
       Fresh subtle v2.6.1
       Fresh oorandom v11.1.5
       Fresh anes v0.1.6
       Fresh jiff v0.2.23
       Fresh ctrlc v3.5.2
       Fresh webpki-roots v1.0.6
       Fresh ciborium-ll v0.2.2
       Fresh rustls v0.23.45
       Fresh env_logger v0.11.10
       Fresh ciborium v0.2.2
       Fresh criterion v0.5.1
       Fresh minertim v0.1.2 (/private/var/folders/jb/6p1xmfvs15q9752nk1vkdm040000gn/T/cargo-mutants-mutants-uGkp3w.tmp)
warning: unused variable: `hex`
  --> src/hex.rs:13:19
   |
13 | pub fn hex_decode(hex: &str) -> Option<Vec<u8>> {
   |                   ^^^ help: if this is intentional, prefix it with an underscore: `_hex`
   |
   = note: `#[warn(unused_variables)]` (part of `#[warn(unused)]`) on by default

warning: `minertim` (lib test) generated 1 warning (run `cargo fix --lib -p minertim --tests` to apply 1 suggestion)
    Finished `test` profile [unoptimized + debuginfo] target(s) in 0.04s
     Running `/private/var/folders/jb/6p1xmfvs15q9752nk1vkdm040000gn/T/cargo-mutants-mutants-uGkp3w.tmp/target/debug/deps/minertim-6f3a39d2b8e563bb 'hex::'`

running 5 tests
test hex::tests::decodes_either_case_and_encodes_lower ... ok
test hex::tests::rejects_odd_length_and_non_hex ... FAILED
test hex::tests::non_ascii_returns_none_rather_than_panicking ... FAILED
test hex::tests::round_trips ... FAILED
test hex::tests::every_byte_round_trips ... FAILED

failures:

---- hex::tests::rejects_odd_length_and_non_hex stdout ----

thread 'hex::tests::rejects_odd_length_and_non_hex' (16499469) panicked at src/hex.rs:38:9:
assertion `left == right` failed: odd length has no byte boundary
  left: Some([])
 right: None

---- hex::tests::non_ascii_returns_none_rather_than_panicking stdout ----

thread 'hex::tests::non_ascii_returns_none_rather_than_panicking' (16499468) panicked at src/hex.rs:69:13:
assertion `left == right` failed: hex_decode("€") must return None, not panic
  left: Some([])
 right: None

---- hex::tests::round_trips stdout ----

thread 'hex::tests::round_trips' (16499470) panicked at src/hex.rs:25:9:
assertion `left == right` failed
  left: Some([])
 right: Some([0, 15, 16, 127, 128, 255])
note: run with `RUST_BACKTRACE=1` environment variable to display a backtrace

---- hex::tests::every_byte_round_trips stdout ----

thread 'hex::tests::every_byte_round_trips' (16499467) panicked at src/hex.rs:80:9:
assertion `left == right` failed
  left: Some([])
 right: Some([0, 1, 2, 3, 4, 5, 6, 7, 8, 9, 10, 11, 12, 13, 14, 15, 16, 17, 18, 19, 20, 21, 22, 23, 24, 25, 26, 27, 28, 29, 30, 31, 32, 33, 34, 35, 36, 37, 38, 39, 40, 41, 42, 43, 44, 45, 46, 47, 48, 49, 50, 51, 52, 53, 54, 55, 56, 57, 58, 59, 60, 61, 62, 63, 64, 65, 66, 67, 68, 69, 70, 71, 72, 73, 74, 75, 76, 77, 78, 79, 80, 81, 82, 83, 84, 85, 86, 87, 88, 89, 90, 91, 92, 93, 94, 95, 96, 97, 98, 99, 100, 101, 102, 103, 104, 105, 106, 107, 108, 109, 110, 111, 112, 113, 114, 115, 116, 117, 118, 119, 120, 121, 122, 123, 124, 125, 126, 127, 128, 129, 130, 131, 132, 133, 134, 135, 136, 137, 138, 139, 140, 141, 142, 143, 144, 145, 146, 147, 148, 149, 150, 151, 152, 153, 154, 155, 156, 157, 158, 159, 160, 161, 162, 163, 164, 165, 166, 167, 168, 169, 170, 171, 172, 173, 174, 175, 176, 177, 178, 179, 180, 181, 182, 183, 184, 185, 186, 187, 188, 189, 190, 191, 192, 193, 194, 195, 196, 197, 198, 199, 200, 201, 202, 203, 204, 205, 206, 207, 208, 209, 210, 211, 212, 213, 214, 215, 216, 217, 218, 219, 220, 221, 222, 223, 224, 225, 226, 227, 228, 229, 230, 231, 232, 233, 234, 235, 236, 237, 238, 239, 240, 241, 242, 243, 244, 245, 246, 247, 248, 249, 250, 251, 252, 253, 254, 255])


failures:
    hex::tests::every_byte_round_trips
    hex::tests::non_ascii_returns_none_rather_than_panicking
    hex::tests::rejects_odd_length_and_non_hex
    hex::tests::round_trips

test result: FAILED. 1 passed; 4 failed; 0 ignored; 0 measured; 146 filtered out; finished in 0.00s

error: test failed, to rerun pass `-p minertim --lib`

*** result: Failure(101)
