
*** src/pool_connection.rs:877:5: replace take_complete_lines -> Result<Vec<String>, usize> with Ok(vec![String::new()])

*** mutation diff:
--- src/pool_connection.rs
+++ replace take_complete_lines -> Result<Vec<String>, usize> with Ok(vec![String::new()])
@@ -869,28 +869,17 @@
 /// stream kills the process (GitHub #21).
 ///
 /// Splitting messages across reads is normal and must keep working, which is why
 /// the check is on the *remainder after draining* rather than on the buffer as it
 /// arrives. Returning whole lines only is also what keeps a truncated message
 /// from ever reaching `handle_pool_message`, so an oversized message cannot leave
 /// a partial job active.
 fn take_complete_lines(pending: &mut Vec<u8>) -> Result<Vec<String>, usize> {
-    let mut lines = Vec::new();
-    while let Some(pos) = pending.iter().position(|&b| b == b'\n') {
-        let raw: Vec<u8> = pending.drain(..=pos).collect();
-        let line = String::from_utf8_lossy(&raw).trim().to_string();
-        if !line.is_empty() {
-            lines.push(line);
-        }
-    }
-    if pending.len() > MAX_LINE_BYTES {
-        return Err(pending.len());
-    }
-    Ok(lines)
+    Ok(vec![String::new()]) /* ~ changed by cargo-mutants ~ */
 }
 
 fn parse_job(data: &Value) -> Option<Job> {
     let blob_hex = data.get("blob")?.as_str()?;
     let target_hex = data.get("target")?.as_str()?;
     let job_id = data.get("job_id")?.as_str()?.to_string();
     let seed_hash_hex = data.get("seed_hash")?.as_str()?;
 


*** /Users/stephen/.rustup/toolchains/stable-aarch64-apple-darwin/bin/cargo test --no-run --verbose --package=minertim@0.1.2
       Fresh unicode-ident v1.0.24
       Fresh cfg-if v1.0.4
       Fresh memchr v2.8.0
       Fresh shlex v1.3.0
       Fresh find-msvc-tools v0.1.9
       Fresh regex-syntax v0.8.10
       Fresh proc-macro2 v1.0.106
       Fresh cc v1.2.57
       Fresh aho-corasick v1.1.4
       Fresh anstyle v1.0.14
       Fresh zeroize v1.8.2
       Fresh quote v1.0.45
       Fresh libc v0.2.183
       Fresh serde_core v1.0.228
       Fresh regex-automata v0.4.14
       Fresh objc2-encode v4.1.0
       Fresh cfg_aliases v0.2.1
       Fresh zmij v1.0.21
       Fresh rustls-pki-types v1.14.0
       Fresh untrusted v0.9.0
       Fresh autocfg v1.5.1
       Fresh syn v2.0.117
       Fresh objc2 v0.6.4
       Fresh getrandom v0.2.17
       Fresh regex v1.12.3
       Fresh utf8parse v0.2.2
       Fresh itoa v1.0.18
       Fresh log v0.4.29
       Fresh bitflags v2.11.0
       Fresh ciborium-io v0.2.2
       Fresh anstyle-query v1.1.5
       Fresh zerocopy-derive v0.8.55
       Fresh serde_derive v1.0.228
       Fresh ring v0.17.14
       Fresh serde_json v1.0.149
       Fresh anstyle-parse v1.0.0
       Fresh block2 v0.6.2
       Fresh either v1.17.0
       Fresh clap_lex v1.1.0
       Fresh once_cell v1.21.4
       Fresh colorchoice v1.0.5
       Fresh is_terminal_polyfill v1.70.2
       Fresh zerocopy v0.8.55
       Fresh serde v1.0.228
       Fresh dispatch2 v0.3.1
       Fresh rustls-webpki v0.103.15
       Fresh clap_builder v4.6.2
       Fresh anstream v1.0.0
       Fresh itertools v0.10.5
       Fresh nix v0.31.2
       Fresh env_filter v1.0.1
       Fresh cast v0.3.0
       Fresh jiff v0.2.23
       Fresh half v2.7.1
       Fresh same-file v1.0.6
       Fresh subtle v2.6.1
       Fresh env_logger v0.11.10
       Fresh ctrlc v3.5.2
       Fresh num-traits v0.2.19
       Fresh clap v4.6.4
       Fresh tinytemplate v1.2.1
       Fresh criterion-plot v0.5.0
       Fresh is-terminal v0.4.17
       Fresh webpki-roots v1.0.6
       Fresh anes v0.1.6
       Fresh oorandom v11.1.5
       Fresh ciborium-ll v0.2.2
       Fresh walkdir v2.5.0
       Fresh rustls v0.23.45
       Fresh ciborium v0.2.2
       Dirty minertim v0.1.2 (/private/var/folders/jb/6p1xmfvs15q9752nk1vkdm040000gn/T/cargo-mutants-bound-recv-YImNIl.tmp): the file `src/pool_connection.rs` has changed (1789595371.600931915s, 3m 9s after last build at 1789595182.360711280s)
   Compiling minertim v0.1.2 (/private/var/folders/jb/6p1xmfvs15q9752nk1vkdm040000gn/T/cargo-mutants-bound-recv-YImNIl.tmp)
       Fresh criterion v0.5.1
     Running `/Users/stephen/.rustup/toolchains/stable-aarch64-apple-darwin/bin/rustc --crate-name minertim --edition=2024 src/lib.rs --error-format=json --json=diagnostic-rendered-ansi,artifacts,future-incompat --emit=dep-info,link -C embed-bitcode=no -C debuginfo=2 -C split-debuginfo=unpacked --test --check-cfg 'cfg(docsrs,test)' --check-cfg 'cfg(feature, values())' -C metadata=0ce07fb4f633bcdb -C extra-filename=-6f3a39d2b8e563bb --out-dir /private/var/folders/jb/6p1xmfvs15q9752nk1vkdm040000gn/T/cargo-mutants-bound-recv-YImNIl.tmp/target/debug/deps -C incremental=/private/var/folders/jb/6p1xmfvs15q9752nk1vkdm040000gn/T/cargo-mutants-bound-recv-YImNIl.tmp/target/debug/incremental -L dependency=/private/var/folders/jb/6p1xmfvs15q9752nk1vkdm040000gn/T/cargo-mutants-bound-recv-YImNIl.tmp/target/debug/deps --extern criterion=/private/var/folders/jb/6p1xmfvs15q9752nk1vkdm040000gn/T/cargo-mutants-bound-recv-YImNIl.tmp/target/debug/deps/libcriterion-53688a6fdc1ad4be.rlib --extern ctrlc=/private/var/folders/jb/6p1xmfvs15q9752nk1vkdm040000gn/T/cargo-mutants-bound-recv-YImNIl.tmp/target/debug/deps/libctrlc-5760eaff95d41693.rlib --extern env_logger=/private/var/folders/jb/6p1xmfvs15q9752nk1vkdm040000gn/T/cargo-mutants-bound-recv-YImNIl.tmp/target/debug/deps/libenv_logger-4ff6928e01613274.rlib --extern log=/private/var/folders/jb/6p1xmfvs15q9752nk1vkdm040000gn/T/cargo-mutants-bound-recv-YImNIl.tmp/target/debug/deps/liblog-1218a9a1912a43e9.rlib --extern ring=/private/var/folders/jb/6p1xmfvs15q9752nk1vkdm040000gn/T/cargo-mutants-bound-recv-YImNIl.tmp/target/debug/deps/libring-76e8c01b9e9dcf99.rlib --extern rustls=/private/var/folders/jb/6p1xmfvs15q9752nk1vkdm040000gn/T/cargo-mutants-bound-recv-YImNIl.tmp/target/debug/deps/librustls-a10efb2c89212aed.rlib --extern serde=/private/var/folders/jb/6p1xmfvs15q9752nk1vkdm040000gn/T/cargo-mutants-bound-recv-YImNIl.tmp/target/debug/deps/libserde-b822372eb1e36aac.rlib --extern serde_json=/private/var/folders/jb/6p1xmfvs15q9752nk1vkdm040000gn/T/cargo-mutants-bound-recv-YImNIl.tmp/target/debug/deps/libserde_json-7c65cbb2f3e22e1b.rlib --extern webpki_roots=/private/var/folders/jb/6p1xmfvs15q9752nk1vkdm040000gn/T/cargo-mutants-bound-recv-YImNIl.tmp/target/debug/deps/libwebpki_roots-a620b5dee93a9b9a.rlib -C target-cpu=native -L native=/private/var/folders/jb/6p1xmfvs15q9752nk1vkdm040000gn/T/cargo-mutants-bound-recv-YImNIl.tmp/target/debug/build/ring-de929d7373e8c618/out`
     Running `/Users/stephen/.rustup/toolchains/stable-aarch64-apple-darwin/bin/rustc --crate-name minertim --edition=2024 src/lib.rs --error-format=json --json=diagnostic-rendered-ansi,artifacts,future-incompat --crate-type lib --emit=dep-info,metadata,link -C embed-bitcode=no -C debuginfo=2 -C split-debuginfo=unpacked --check-cfg 'cfg(docsrs,test)' --check-cfg 'cfg(feature, values())' -C metadata=52c941f96ca39ffa -C extra-filename=-ecf541669984f6ea --out-dir /private/var/folders/jb/6p1xmfvs15q9752nk1vkdm040000gn/T/cargo-mutants-bound-recv-YImNIl.tmp/target/debug/deps -C incremental=/private/var/folders/jb/6p1xmfvs15q9752nk1vkdm040000gn/T/cargo-mutants-bound-recv-YImNIl.tmp/target/debug/incremental -L dependency=/private/var/folders/jb/6p1xmfvs15q9752nk1vkdm040000gn/T/cargo-mutants-bound-recv-YImNIl.tmp/target/debug/deps --extern ctrlc=/private/var/folders/jb/6p1xmfvs15q9752nk1vkdm040000gn/T/cargo-mutants-bound-recv-YImNIl.tmp/target/debug/deps/libctrlc-5760eaff95d41693.rmeta --extern env_logger=/private/var/folders/jb/6p1xmfvs15q9752nk1vkdm040000gn/T/cargo-mutants-bound-recv-YImNIl.tmp/target/debug/deps/libenv_logger-4ff6928e01613274.rmeta --extern log=/private/var/folders/jb/6p1xmfvs15q9752nk1vkdm040000gn/T/cargo-mutants-bound-recv-YImNIl.tmp/target/debug/deps/liblog-1218a9a1912a43e9.rmeta --extern ring=/private/var/folders/jb/6p1xmfvs15q9752nk1vkdm040000gn/T/cargo-mutants-bound-recv-YImNIl.tmp/target/debug/deps/libring-76e8c01b9e9dcf99.rmeta --extern rustls=/private/var/folders/jb/6p1xmfvs15q9752nk1vkdm040000gn/T/cargo-mutants-bound-recv-YImNIl.tmp/target/debug/deps/librustls-a10efb2c89212aed.rmeta --extern serde=/private/var/folders/jb/6p1xmfvs15q9752nk1vkdm040000gn/T/cargo-mutants-bound-recv-YImNIl.tmp/target/debug/deps/libserde-b822372eb1e36aac.rmeta --extern serde_json=/private/var/folders/jb/6p1xmfvs15q9752nk1vkdm040000gn/T/cargo-mutants-bound-recv-YImNIl.tmp/target/debug/deps/libserde_json-7c65cbb2f3e22e1b.rmeta --extern webpki_roots=/private/var/folders/jb/6p1xmfvs15q9752nk1vkdm040000gn/T/cargo-mutants-bound-recv-YImNIl.tmp/target/debug/deps/libwebpki_roots-a620b5dee93a9b9a.rmeta -C target-cpu=native -L native=/private/var/folders/jb/6p1xmfvs15q9752nk1vkdm040000gn/T/cargo-mutants-bound-recv-YImNIl.tmp/target/debug/build/ring-de929d7373e8c618/out`
warning: unused variable: `pending`
   --> src/pool_connection.rs:876:24
    |
876 | fn take_complete_lines(pending: &mut Vec<u8>) -> Result<Vec<String>, usize> {
    |                        ^^^^^^^ help: if this is intentional, prefix it with an underscore: `_pending`
    |
    = note: `#[warn(unused_variables)]` (part of `#[warn(unused)]`) on by default

warning: `minertim` (lib) generated 1 warning (run `cargo fix --lib -p minertim` to apply 1 suggestion)
     Running `/Users/stephen/.rustup/toolchains/stable-aarch64-apple-darwin/bin/rustc --crate-name minertim --edition=2024 src/bin/minertim.rs --error-format=json --json=diagnostic-rendered-ansi,artifacts,future-incompat --emit=dep-info,link -C embed-bitcode=no -C debuginfo=2 -C split-debuginfo=unpacked --test --check-cfg 'cfg(docsrs,test)' --check-cfg 'cfg(feature, values())' -C metadata=3da26f815a5a57df -C extra-filename=-81bf338bb91c1757 --out-dir /private/var/folders/jb/6p1xmfvs15q9752nk1vkdm040000gn/T/cargo-mutants-bound-recv-YImNIl.tmp/target/debug/deps -C incremental=/private/var/folders/jb/6p1xmfvs15q9752nk1vkdm040000gn/T/cargo-mutants-bound-recv-YImNIl.tmp/target/debug/incremental -L dependency=/private/var/folders/jb/6p1xmfvs15q9752nk1vkdm040000gn/T/cargo-mutants-bound-recv-YImNIl.tmp/target/debug/deps --extern criterion=/private/var/folders/jb/6p1xmfvs15q9752nk1vkdm040000gn/T/cargo-mutants-bound-recv-YImNIl.tmp/target/debug/deps/libcriterion-53688a6fdc1ad4be.rlib --extern ctrlc=/private/var/folders/jb/6p1xmfvs15q9752nk1vkdm040000gn/T/cargo-mutants-bound-recv-YImNIl.tmp/target/debug/deps/libctrlc-5760eaff95d41693.rlib --extern env_logger=/private/var/folders/jb/6p1xmfvs15q9752nk1vkdm040000gn/T/cargo-mutants-bound-recv-YImNIl.tmp/target/debug/deps/libenv_logger-4ff6928e01613274.rlib --extern log=/private/var/folders/jb/6p1xmfvs15q9752nk1vkdm040000gn/T/cargo-mutants-bound-recv-YImNIl.tmp/target/debug/deps/liblog-1218a9a1912a43e9.rlib --extern minertim=/private/var/folders/jb/6p1xmfvs15q9752nk1vkdm040000gn/T/cargo-mutants-bound-recv-YImNIl.tmp/target/debug/deps/libminertim-ecf541669984f6ea.rlib --extern ring=/private/var/folders/jb/6p1xmfvs15q9752nk1vkdm040000gn/T/cargo-mutants-bound-recv-YImNIl.tmp/target/debug/deps/libring-76e8c01b9e9dcf99.rlib --extern rustls=/private/var/folders/jb/6p1xmfvs15q9752nk1vkdm040000gn/T/cargo-mutants-bound-recv-YImNIl.tmp/target/debug/deps/librustls-a10efb2c89212aed.rlib --extern serde=/private/var/folders/jb/6p1xmfvs15q9752nk1vkdm040000gn/T/cargo-mutants-bound-recv-YImNIl.tmp/target/debug/deps/libserde-b822372eb1e36aac.rlib --extern serde_json=/private/var/folders/jb/6p1xmfvs15q9752nk1vkdm040000gn/T/cargo-mutants-bound-recv-YImNIl.tmp/target/debug/deps/libserde_json-7c65cbb2f3e22e1b.rlib --extern webpki_roots=/private/var/folders/jb/6p1xmfvs15q9752nk1vkdm040000gn/T/cargo-mutants-bound-recv-YImNIl.tmp/target/debug/deps/libwebpki_roots-a620b5dee93a9b9a.rlib -C target-cpu=native -L native=/private/var/folders/jb/6p1xmfvs15q9752nk1vkdm040000gn/T/cargo-mutants-bound-recv-YImNIl.tmp/target/debug/build/ring-de929d7373e8c618/out`
warning: `minertim` (lib test) generated 1 warning (1 duplicate)
    Finished `test` profile [unoptimized + debuginfo] target(s) in 0.60s
  Executable `/private/var/folders/jb/6p1xmfvs15q9752nk1vkdm040000gn/T/cargo-mutants-bound-recv-YImNIl.tmp/target/debug/deps/minertim-6f3a39d2b8e563bb`
  Executable `/private/var/folders/jb/6p1xmfvs15q9752nk1vkdm040000gn/T/cargo-mutants-bound-recv-YImNIl.tmp/target/debug/deps/minertim-81bf338bb91c1757`

*** result: Success

*** /Users/stephen/.rustup/toolchains/stable-aarch64-apple-darwin/bin/cargo test --verbose --package=minertim@0.1.2
       Fresh unicode-ident v1.0.24
       Fresh cfg-if v1.0.4
       Fresh memchr v2.8.0
       Fresh find-msvc-tools v0.1.9
       Fresh shlex v1.3.0
       Fresh anstyle v1.0.14
       Fresh proc-macro2 v1.0.106
       Fresh cc v1.2.57
       Fresh aho-corasick v1.1.4
       Fresh regex-syntax v0.8.10
       Fresh zeroize v1.8.2
       Fresh quote v1.0.45
       Fresh libc v0.2.183
       Fresh serde_core v1.0.228
       Fresh regex-automata v0.4.14
       Fresh cfg_aliases v0.2.1
       Fresh objc2-encode v4.1.0
       Fresh zmij v1.0.21
       Fresh rustls-pki-types v1.14.0
       Fresh utf8parse v0.2.2
       Fresh log v0.4.29
       Fresh syn v2.0.117
       Fresh objc2 v0.6.4
       Fresh getrandom v0.2.17
       Fresh regex v1.12.3
       Fresh untrusted v0.9.0
       Fresh bitflags v2.11.0
       Fresh autocfg v1.5.1
       Fresh itoa v1.0.18
       Fresh anstyle-parse v1.0.0
       Fresh either v1.17.0
       Fresh anstyle-query v1.1.5
       Fresh zerocopy-derive v0.8.55
       Fresh serde_derive v1.0.228
       Fresh ring v0.17.14
       Fresh block2 v0.6.2
       Fresh serde_json v1.0.149
       Fresh colorchoice v1.0.5
       Fresh is_terminal_polyfill v1.70.2
       Fresh once_cell v1.21.4
       Fresh ciborium-io v0.2.2
       Fresh clap_lex v1.1.0
       Fresh serde v1.0.228
       Fresh zerocopy v0.8.55
       Fresh clap_builder v4.6.2
       Fresh dispatch2 v0.3.1
       Fresh nix v0.31.2
       Fresh rustls-webpki v0.103.15
       Fresh anstream v1.0.0
       Fresh env_filter v1.0.1
       Fresh itertools v0.10.5
       Fresh subtle v2.6.1
       Fresh jiff v0.2.23
       Fresh half v2.7.1
       Fresh same-file v1.0.6
       Fresh cast v0.3.0
       Fresh env_logger v0.11.10
       Fresh ctrlc v3.5.2
       Fresh clap v4.6.4
       Fresh tinytemplate v1.2.1
       Fresh rustls v0.23.45
       Fresh num-traits v0.2.19
       Fresh webpki-roots v1.0.6
       Fresh is-terminal v0.4.17
       Fresh oorandom v11.1.5
       Fresh anes v0.1.6
       Fresh ciborium-ll v0.2.2
       Fresh criterion-plot v0.5.0
       Fresh walkdir v2.5.0
warning: unused variable: `pending`
   --> src/pool_connection.rs:876:24
    |
876 | fn take_complete_lines(pending: &mut Vec<u8>) -> Result<Vec<String>, usize> {
    |                        ^^^^^^^ help: if this is intentional, prefix it with an underscore: `_pending`
    |
    = note: `#[warn(unused_variables)]` (part of `#[warn(unused)]`) on by default

warning: `minertim` (lib) generated 1 warning (run `cargo fix --lib -p minertim` to apply 1 suggestion)
       Fresh ciborium v0.2.2
       Fresh criterion v0.5.1
       Fresh minertim v0.1.2 (/private/var/folders/jb/6p1xmfvs15q9752nk1vkdm040000gn/T/cargo-mutants-bound-recv-YImNIl.tmp)
warning: `minertim` (lib test) generated 1 warning (1 duplicate)
    Finished `test` profile [unoptimized + debuginfo] target(s) in 0.04s
     Running `/private/var/folders/jb/6p1xmfvs15q9752nk1vkdm040000gn/T/cargo-mutants-bound-recv-YImNIl.tmp/target/debug/deps/minertim-6f3a39d2b8e563bb`

running 160 tests
test donate::tests::floor_enforced ... ok
test miner::verify_tests::an_enabled_but_unfed_verifier_fails_open ... ok
test miner::verify_tests::classify_share_covers_every_branch ... ok
test miner::verify_tests::arming_follows_the_vm_not_the_switches ... ok
test miner::verify_tests::a_single_differing_byte_is_enough_to_withhold ... ok
test donate::tests::default_level_5_phases ... ok
test miner::verify_tests::only_a_mismatch_blocks_submission ... ok
test hex::tests::rejects_odd_length_and_non_hex ... ok
test hex::tests::non_ascii_returns_none_rather_than_panicking ... ok
test hex::tests::round_trips ... ok
test hex::tests::decodes_either_case_and_encodes_lower ... ok
test hex::tests::every_byte_round_trips ... ok
test miner::verify_tests::switch_defaults_and_setters ... ok
test miner::verify_tests::verify_failure_counter_is_zero_before_start ... ok
test pool_connection::tls_tests::a_malformed_job_from_the_pool_is_declined_not_fatal ... ok
test donate::tests::donated_fraction_matches_level ... ok
test pool_connection::tls_tests::is_case_insensitive ... ok
test pool_connection::tls_tests::parses_a_plain_hex_fingerprint ... ok
test pool_connection::tls_tests::accepts_the_colon_separated_form_openssl_prints ... ok
test pool_connection::tls_tests::a_large_but_terminated_message_is_accepted ... FAILED
test pool_connection::tls_tests::a_trailing_partial_line_is_kept_for_the_next_read ... FAILED
test pool_connection::tls_tests::a_good_line_before_a_flood_is_dropped_with_the_flood ... FAILED
test pool_connection::tls_tests::splitting_a_message_across_reads_still_parses ... FAILED
test pool_connection::tls_tests::a_newline_free_stream_is_refused_instead_of_buffered ... FAILED
test pool_connection::tls_tests::several_lines_in_one_read_all_come_out_in_order ... FAILED
test pool_connection::tls_tests::rejects_wrong_length_and_non_hex ... ok
test pool_connection::tls_tests::a_pinned_verifier_accepts_exactly_the_pinned_certificate ... ok
test pool_connection::tls_tests::the_default_configuration_verifies_certificates ... ok
test randomx::jit::aarch64::tests::test_add_reg ... ok
test randomx::jit::aarch64::tests::test_add_reg_shifted ... ok
test randomx::jit::aarch64::tests::test_b_cond_eq ... ok
test pool_connection::tls_tests::the_limit_is_exact_and_not_off_by_one ... FAILED
test pool_connection::tls_tests::a_pinned_verifier_rejects_a_certificate_that_is_not_the_pinned_one ... ok
test randomx::jit::aarch64::tests::test_bitmask_imm_power_of_2_minus_1 ... ok
test randomx::jit::aarch64::tests::test_bitmask_imm_scratchpad_masks ... ok
test randomx::jit::aarch64::tests::test_eor_reg ... ok
test randomx::jit::aarch64::tests::test_eor_v8b ... ok
test randomx::jit::aarch64::tests::test_eor_reg_w ... ok
test randomx::jit::aarch64::tests::test_fadd ... ok
test randomx::jit::aarch64::tests::test_fsqrt ... ok
test randomx::jit::aarch64::tests::test_ldp_post ... ok
test pool_connection::tls_tests::the_default_verifier_rejects_what_it_cannot_validate ... ok
test randomx::jit::aarch64::tests::test_ldr_imm ... ok
test randomx::jit::aarch64::tests::test_mov_imm64_small ... ok
test randomx::jit::aarch64::tests::test_mov_imm64_two_chunks ... ok
test pool_connection::tls_tests::a_pin_and_a_plaintext_port_is_refused_rather_than_silently_ignored ... ok
test randomx::jit::aarch64::tests::test_mov_reg ... ok
test randomx::jit::aarch64::tests::test_movz ... ok
test randomx::jit::aarch64::tests::test_mul ... ok
test randomx::jit::aarch64::tests::test_neg ... ok
test randomx::jit::aarch64::tests::test_prfm ... ok
test randomx::jit::aarch64::tests::test_ret ... ok
test randomx::jit::aarch64::tests::test_ror_imm ... ok
test randomx::jit::aarch64::tests::test_smulh ... ok
test randomx::jit::aarch64::tests::test_stp_ldp_fp_imm ... ok
test randomx::jit::aarch64::tests::test_stp_pre ... ok
test randomx::jit::aarch64::tests::test_str_imm ... ok
test randomx::jit::aarch64::tests::test_sub_reg ... ok
test randomx::jit::aarch64::tests::test_subs_imm_sets_flags ... ok
test randomx::jit::aarch64::tests::test_umulh ... ok
test randomx::jit::compiler::tests::compile_native_loop_rejects_an_out_of_range_dataset_offset - should panic ... ok
test randomx::jit::compiler::tests::compile_native_loop_accepts_the_maximum_real_dataset_offset ... ok
test randomx::jit::compiler::tests::compile_native_loop_rejects_v2 - should panic ... ok
test randomx::jit::compiler::tests::test_jit_and_bitmask_l1 ... ok
test randomx::jit::compiler::tests::native_loop_emitted_instruction_accounting ... ok
test randomx::jit::compiler::tests::get_fn_rejects_native_loop_code - should panic ... ok
test randomx::jit::compiler::tests::test_jit_and_bitmask_l2 ... ok
test randomx::jit::compiler::tests::get_loop_fn_rejects_body_code - should panic ... ok
test randomx::jit::compiler::tests::test_jit_and_bitmask_l3 ... ok
test randomx::jit::compiler::tests::test_jit_fadd_r ... ok
test randomx::jit::compiler::tests::test_jit_cfround ... ok
test randomx::jit::compiler::tests::test_jit_fmul_r ... ok
test randomx::jit::compiler::tests::test_jit_fscal_r ... ok
test randomx::jit::compiler::tests::test_jit_fsqrt_r ... ok
test randomx::jit::compiler::tests::test_jit_fswap_r ... ok
test randomx::jit::compiler::tests::test_jit_iadd_m ... ok
test randomx::jit::compiler::tests::test_jit_fsub_r ... ok
test randomx::jit::compiler::tests::test_jit_iadd_rs ... ok
test randomx::jit::compiler::tests::test_jit_imul_m ... ok
test randomx::jit::compiler::tests::test_jit_imul_r ... ok
test randomx::jit::compiler::tests::test_jit_imulh_r ... ok
test randomx::jit::compiler::tests::test_jit_irol_r_imm ... ok
test randomx::jit::compiler::tests::test_jit_ineg_r ... ok
test randomx::jit::compiler::tests::test_jit_iror_r_imm ... ok
test randomx::jit::compiler::tests::test_jit_ismulh_r ... ok
test randomx::jit::compiler::tests::test_jit_istore ... ok
test randomx::jit::compiler::tests::test_jit_isub_r ... ok
test randomx::jit::compiler::tests::test_jit_isub_m ... ok
test randomx::jit::compiler::tests::test_jit_isub_r_imm ... ok
test randomx::jit::compiler::tests::test_jit_iswap_r ... ok
test randomx::jit::compiler::tests::test_jit_ldr_str_register_offset ... ok
test randomx::jit::compiler::tests::test_jit_ixor_m ... ok
test randomx::jit::compiler::tests::test_jit_ixor_r ... ok
test randomx::jit::compiler::tests::test_jit_nop_program ... ok
test randomx::jit::memory::tests::test_jit_memory_alloc_and_execute ... ok
test randomx::jit::compiler::tests::test_jit_nop_program_with_fp ... ok
test randomx::jit::memory::tests::test_jit_memory_return_value ... ok
test randomx::jit::memory::tests::test_jit_memory_rewrite_in_place ... ok
test randomx::soft_aes::tests::test_dec_table_first_last_values ... ok
test randomx::soft_aes::tests::test_dec_table_sizes ... ok
test randomx::soft_aes::tests::test_enc_table_first_last_values ... ok
test randomx::soft_aes::tests::test_enc_table_sizes ... ok
test randomx::soft_aes::tests::test_soft_aesdec_zero_state_zero_key ... ok
test randomx::soft_aes::tests::test_soft_aesenc_zero_state_zero_key ... ok
test randomx::soft_aes::tests::test_table_rotation_relationship ... ok
test randomx::tests::aes_hash_tests::test_fill_aes_1rx4 ... ok
test randomx::tests::blake2b_tests::test_blake2b_256_abc ... ok
test randomx::tests::blake2b_tests::test_blake2b_512_abc ... ok
test randomx::tests::blake2b_tests::test_blake2b_512_empty ... ok
test randomx::tests::blake2gen_tests::test_blake2gen_basic ... ok
test randomx::tests::blake2gen_tests::test_blake2gen_different_nonce ... ok
test randomx::tests::commitment_tests::test_commitment_v1_based ... ok
test randomx::tests::commitment_tests::test_commitment_v2_based ... ok
test randomx::tests::constants_tests::test_cache_line_align_mask ... ok
test randomx::tests::constants_tests::test_cache_line_count ... ok
test randomx::tests::constants_tests::test_dataset_extra_items ... ok
test randomx::tests::constants_tests::test_scratchpad_masks ... ok
test randomx::tests::constants_tests::test_superscalar_add_constants ... ok
test randomx::tests::constants_tests::test_superscalar_mul_constant ... ok
test pool_connection::tls_tests::by_default_a_self_signed_pool_certificate_is_rejected_in_a_real_handshake ... ok
test pool_connection::tls_tests::a_wrong_pin_fails_a_real_handshake ... ok
test pool_connection::tls_tests::the_pinned_certificate_completes_a_real_handshake ... ok
test randomx::tests::argon2d_tests::test_cache_initialization ... ok
test randomx::tests::full_hash_tests::light_mode_vm_still_allocates_its_cache ... ok
test randomx::tests::dataset_tests::test_dataset_item_10m ... ok
test randomx::tests::dataset_tests::test_dataset_item_0 ... ok
test randomx::tests::dataset_tests::test_dataset_item_30m ... ok
test randomx::tests::dataset_tests::test_dataset_item_20m ... ok
test randomx::tests::full_hash_tests::test_full_hash_v1_c ... ok
test randomx::tests::full_hash_tests::test_full_mode_matches_light_mode ... ignored
test randomx::tests::full_hash_tests::test_full_hash_v1_different_key ... ok
test randomx::tests::full_hash_tests::test_full_hash_v1_b ... ok
test randomx::tests::full_hash_tests::test_full_hash_v1_a ... ok
test pool_connection::tls_tests::the_receiver_loop_really_drops_a_newline_free_stream ... FAILED
test pool_connection::tls_tests::the_first_job_after_a_flood_is_not_swallowed_by_the_stale_buffer ... FAILED
test randomx::tests::full_hash_v2_tests::test_full_hash_v2_a ... ok
test randomx::tests::full_hash_v2_tests::test_full_hash_v2_e ... ok
test randomx::tests::full_hash_tests::dataset_generation_rejects_a_full_mode_vms_empty_cache has been running for over 60 seconds
test randomx::tests::full_hash_tests::disabled_share_verifier_does_no_work has been running for over 60 seconds
test randomx::tests::full_hash_tests::full_mode_v1_vm_reports_the_native_loop_effective has been running for over 60 seconds
test randomx::tests::full_hash_tests::full_mode_vm_allocates_no_argon2d_cache has been running for over 60 seconds
test randomx::tests::full_hash_tests::pipelined_hash_matches_calculate_hash_for_the_preceding_blob has been running for over 60 seconds
test randomx::tests::full_hash_tests::share_verifier_builds_lazily_and_resets_on_seed_rotation has been running for over 60 seconds
test randomx::tests::full_hash_tests::test_native_loop_known_answer has been running for over 60 seconds
test randomx::tests::full_hash_tests::test_native_loop_known_answer_pipelined has been running for over 60 seconds
test randomx::tests::full_hash_tests::test_vm_calculate_hash_jit has been running for over 60 seconds
test randomx::tests::full_hash_tests::verifier_withholds_a_hash_that_does_not_match_the_reference has been running for over 60 seconds
test randomx::tests::native_loop_diff_tests::native_loop_at_the_c1_worst_case_dataset_address has been running for over 60 seconds
test randomx::tests::native_loop_diff_tests::native_loop_matches_interpreter has been running for over 60 seconds
test randomx::tests::full_hash_tests::disabled_share_verifier_does_no_work ... ok
test randomx::tests::full_hash_tests::dataset_generation_rejects_a_full_mode_vms_empty_cache - should panic ... ok
test randomx::tests::full_hash_tests::full_mode_v1_vm_reports_the_native_loop_effective ... ok
test randomx::tests::full_hash_tests::full_mode_vm_allocates_no_argon2d_cache ... ok
test randomx::tests::profile_tests::test_hash_profile ... ignored
test randomx::tests::reciprocal_tests::test_randomx_reciprocal ... ok
test randomx::tests::superscalar_tests::test_superscalar_execution_basic ... ok
test randomx::tests::full_hash_tests::test_native_loop_known_answer ... ok
test randomx::tests::superscalar_tests::test_superscalar_program_generation ... ok
test randomx::tests::full_hash_tests::test_native_loop_known_answer_pipelined ... ok
test randomx::vm::native_loop_guard_tests::a_failed_jit_allocation_is_not_the_native_loop ... ok
test randomx::vm::native_loop_guard_tests::every_precondition_is_load_bearing ... ok
test randomx::tests::full_hash_tests::verifier_withholds_a_hash_that_does_not_match_the_reference ... ok
test randomx::tests::full_hash_tests::test_vm_calculate_hash_jit ... ok
test randomx::tests::full_hash_tests::pipelined_hash_matches_calculate_hash_for_the_preceding_blob ... ok
test randomx::tests::native_loop_diff_tests::native_loop_zero_iterations_terminates ... ok
test randomx::tests::full_hash_tests::share_verifier_builds_lazily_and_resets_on_seed_rotation ... ok
test randomx::tests::native_loop_diff_tests::native_loop_at_the_c1_worst_case_dataset_address ... ok
test randomx::tests::native_loop_diff_tests::native_loop_matches_interpreter_full_program ... ok
test randomx::tests::native_loop_diff_tests::native_loop_matches_interpreter ... ok
test randomx::vm::native_loop_effective_tests::light_mode_never_reports_the_native_loop ... ok
test randomx::tests::v2_jit_tests::test_v1_v2_share_cache_key ... ok
test randomx::tests::v2_jit_tests::test_vm_v2_vectors ... ok

failures:

---- pool_connection::tls_tests::a_large_but_terminated_message_is_accepted stdout ----

thread 'pool_connection::tls_tests::a_large_but_terminated_message_is_accepted' (16247446) panicked at src/pool_connection.rs:1239:9:
assertion `left == right` failed
  left: 0
 right: 1048576

---- pool_connection::tls_tests::a_trailing_partial_line_is_kept_for_the_next_read stdout ----

thread 'pool_connection::tls_tests::a_trailing_partial_line_is_kept_for_the_next_read' (16247452) panicked at src/pool_connection.rs:1179:9:
assertion `left == right` failed
  left: [""]
 right: ["done"]

---- pool_connection::tls_tests::a_good_line_before_a_flood_is_dropped_with_the_flood stdout ----

thread 'pool_connection::tls_tests::a_good_line_before_a_flood_is_dropped_with_the_flood' (16247445) panicked at src/pool_connection.rs:1256:9:
the oversized remainder must be reported even though a good line preceded it
note: run with `RUST_BACKTRACE=1` environment variable to display a backtrace

---- pool_connection::tls_tests::splitting_a_message_across_reads_still_parses stdout ----

thread 'pool_connection::tls_tests::splitting_a_message_across_reads_still_parses' (16247460) panicked at src/pool_connection.rs:1160:9:
assertion `left == right` failed
  left: [""]
 right: []

---- pool_connection::tls_tests::a_newline_free_stream_is_refused_instead_of_buffered stdout ----

thread 'pool_connection::tls_tests::a_newline_free_stream_is_refused_instead_of_buffered' (16247448) panicked at src/pool_connection.rs:1200:26:
buffer grew past the limit without being refused: 1052672 bytes

---- pool_connection::tls_tests::several_lines_in_one_read_all_come_out_in_order stdout ----

thread 'pool_connection::tls_tests::several_lines_in_one_read_all_come_out_in_order' (16247459) panicked at src/pool_connection.rs:1172:9:
assertion `left == right` failed
  left: [""]
 right: ["one", "two", "three"]

---- pool_connection::tls_tests::the_limit_is_exact_and_not_off_by_one stdout ----

thread 'pool_connection::tls_tests::the_limit_is_exact_and_not_off_by_one' (16247464) panicked at src/pool_connection.rs:1227:9:
assertion `left == right` failed
  left: Ok([""])
 right: Err(1048577)

---- pool_connection::tls_tests::the_receiver_loop_really_drops_a_newline_free_stream stdout ----

thread 'pool_connection::tls_tests::the_receiver_loop_really_drops_a_newline_free_stream' (16247466) panicked at src/pool_connection.rs:1044:9:
assertion `left == right` failed: the loop must drop a newline-free flood and reconnect; no second connection means it is still buffering, which is the defect this guards
  left: Err(Timeout)
 right: Ok(1)

---- pool_connection::tls_tests::the_first_job_after_a_flood_is_not_swallowed_by_the_stale_buffer stdout ----

thread 'pool_connection::tls_tests::the_first_job_after_a_flood_is_not_swallowed_by_the_stale_buffer' (16247463) panicked at src/pool_connection.rs:1130:9:
assertion `left == right` failed: the flood is dropped
  left: Err(Timeout)
 right: Ok(1)


failures:
    pool_connection::tls_tests::a_good_line_before_a_flood_is_dropped_with_the_flood
    pool_connection::tls_tests::a_large_but_terminated_message_is_accepted
    pool_connection::tls_tests::a_newline_free_stream_is_refused_instead_of_buffered
    pool_connection::tls_tests::a_trailing_partial_line_is_kept_for_the_next_read
    pool_connection::tls_tests::several_lines_in_one_read_all_come_out_in_order
    pool_connection::tls_tests::splitting_a_message_across_reads_still_parses
    pool_connection::tls_tests::the_first_job_after_a_flood_is_not_swallowed_by_the_stale_buffer
    pool_connection::tls_tests::the_limit_is_exact_and_not_off_by_one
    pool_connection::tls_tests::the_receiver_loop_really_drops_a_newline_free_stream

test result: FAILED. 149 passed; 9 failed; 2 ignored; 0 measured; 0 filtered out; finished in 187.36s

error: test failed, to rerun pass `-p minertim --lib`

*** result: Failure(101)
